Archive member included to satisfy reference by file (symbol)

c:/program files (x86)/atmel/studio/7.0/toolchain/avr8/avr8-gnu-toolchain/bin/../lib/gcc/avr/5.4.0/../../../../avr/lib/avrxmega3\libm.a(addsf3.o)
                              src/i2c_master.o (__subsf3)
c:/program files (x86)/atmel/studio/7.0/toolchain/avr8/avr8-gnu-toolchain/bin/../lib/gcc/avr/5.4.0/../../../../avr/lib/avrxmega3\libm.a(addsf3x.o)
                              c:/program files (x86)/atmel/studio/7.0/toolchain/avr8/avr8-gnu-toolchain/bin/../lib/gcc/avr/5.4.0/../../../../avr/lib/avrxmega3\libm.a(addsf3.o) (__addsf3x)
c:/program files (x86)/atmel/studio/7.0/toolchain/avr8/avr8-gnu-toolchain/bin/../lib/gcc/avr/5.4.0/../../../../avr/lib/avrxmega3\libm.a(divsf3.o)
                              src/i2c_master.o (__divsf3)
c:/program files (x86)/atmel/studio/7.0/toolchain/avr8/avr8-gnu-toolchain/bin/../lib/gcc/avr/5.4.0/../../../../avr/lib/avrxmega3\libm.a(divsf3x.o)
                              c:/program files (x86)/atmel/studio/7.0/toolchain/avr8/avr8-gnu-toolchain/bin/../lib/gcc/avr/5.4.0/../../../../avr/lib/avrxmega3\libm.a(divsf3.o) (__divsf3x)
c:/program files (x86)/atmel/studio/7.0/toolchain/avr8/avr8-gnu-toolchain/bin/../lib/gcc/avr/5.4.0/../../../../avr/lib/avrxmega3\libm.a(fixunssfsi.o)
                              src/i2c_master.o (__fixunssfsi)
c:/program files (x86)/atmel/studio/7.0/toolchain/avr8/avr8-gnu-toolchain/bin/../lib/gcc/avr/5.4.0/../../../../avr/lib/avrxmega3\libm.a(floatsisf.o)
                              src/i2c_master.o (__floatunsisf)
c:/program files (x86)/atmel/studio/7.0/toolchain/avr8/avr8-gnu-toolchain/bin/../lib/gcc/avr/5.4.0/../../../../avr/lib/avrxmega3\libm.a(fp_inf.o)
                              c:/program files (x86)/atmel/studio/7.0/toolchain/avr8/avr8-gnu-toolchain/bin/../lib/gcc/avr/5.4.0/../../../../avr/lib/avrxmega3\libm.a(addsf3x.o) (__fp_inf)
c:/program files (x86)/atmel/studio/7.0/toolchain/avr8/avr8-gnu-toolchain/bin/../lib/gcc/avr/5.4.0/../../../../avr/lib/avrxmega3\libm.a(fp_nan.o)
                              c:/program files (x86)/atmel/studio/7.0/toolchain/avr8/avr8-gnu-toolchain/bin/../lib/gcc/avr/5.4.0/../../../../avr/lib/avrxmega3\libm.a(addsf3x.o) (__fp_nan)
c:/program files (x86)/atmel/studio/7.0/toolchain/avr8/avr8-gnu-toolchain/bin/../lib/gcc/avr/5.4.0/../../../../avr/lib/avrxmega3\libm.a(fp_pscA.o)
                              c:/program files (x86)/atmel/studio/7.0/toolchain/avr8/avr8-gnu-toolchain/bin/../lib/gcc/avr/5.4.0/../../../../avr/lib/avrxmega3\libm.a(addsf3x.o) (__fp_pscA)
c:/program files (x86)/atmel/studio/7.0/toolchain/avr8/avr8-gnu-toolchain/bin/../lib/gcc/avr/5.4.0/../../../../avr/lib/avrxmega3\libm.a(fp_pscB.o)
                              c:/program files (x86)/atmel/studio/7.0/toolchain/avr8/avr8-gnu-toolchain/bin/../lib/gcc/avr/5.4.0/../../../../avr/lib/avrxmega3\libm.a(addsf3x.o) (__fp_pscB)
c:/program files (x86)/atmel/studio/7.0/toolchain/avr8/avr8-gnu-toolchain/bin/../lib/gcc/avr/5.4.0/../../../../avr/lib/avrxmega3\libm.a(fp_round.o)
                              c:/program files (x86)/atmel/studio/7.0/toolchain/avr8/avr8-gnu-toolchain/bin/../lib/gcc/avr/5.4.0/../../../../avr/lib/avrxmega3\libm.a(addsf3.o) (__fp_round)
c:/program files (x86)/atmel/studio/7.0/toolchain/avr8/avr8-gnu-toolchain/bin/../lib/gcc/avr/5.4.0/../../../../avr/lib/avrxmega3\libm.a(fp_split3.o)
                              c:/program files (x86)/atmel/studio/7.0/toolchain/avr8/avr8-gnu-toolchain/bin/../lib/gcc/avr/5.4.0/../../../../avr/lib/avrxmega3\libm.a(addsf3x.o) (__fp_split3)
c:/program files (x86)/atmel/studio/7.0/toolchain/avr8/avr8-gnu-toolchain/bin/../lib/gcc/avr/5.4.0/../../../../avr/lib/avrxmega3\libm.a(fp_zero.o)
                              c:/program files (x86)/atmel/studio/7.0/toolchain/avr8/avr8-gnu-toolchain/bin/../lib/gcc/avr/5.4.0/../../../../avr/lib/avrxmega3\libm.a(addsf3x.o) (__fp_zero)
c:/program files (x86)/atmel/studio/7.0/toolchain/avr8/avr8-gnu-toolchain/bin/../lib/gcc/avr/5.4.0/../../../../avr/lib/avrxmega3\libm.a(mulsf3.o)
                              src/i2c_master.o (__mulsf3)
c:/program files (x86)/atmel/studio/7.0/toolchain/avr8/avr8-gnu-toolchain/bin/../lib/gcc/avr/5.4.0/../../../../avr/lib/avrxmega3\libm.a(mulsf3x.o)
                              c:/program files (x86)/atmel/studio/7.0/toolchain/avr8/avr8-gnu-toolchain/bin/../lib/gcc/avr/5.4.0/../../../../avr/lib/avrxmega3\libm.a(mulsf3.o) (__mulsf3x)
c:/program files (x86)/atmel/studio/7.0/toolchain/avr8/avr8-gnu-toolchain/bin/../lib/gcc/avr/5.4.0/avrxmega3\libgcc.a(_mulsi3.o)
                              fht/fht.o (__mulsi3)
c:/program files (x86)/atmel/studio/7.0/toolchain/avr8/avr8-gnu-toolchain/bin/../lib/gcc/avr/5.4.0/avrxmega3\libgcc.a(_udivmodhi4.o)
                              audio_sampler/audio_sampler.o (__udivmodhi4)
c:/program files (x86)/atmel/studio/7.0/toolchain/avr8/avr8-gnu-toolchain/bin/../lib/gcc/avr/5.4.0/avrxmega3\libgcc.a(_exit.o)
[...]
Memory Configuration

Name             Origin             Length             Attributes
text             0x00000000         0x0000c000         xr
data             0x00802800         0x00001800         rw !x
eeprom           0x00810000         0x00000100         rw !x
fuse             0x00820000         0x0000000a         rw !x
lock             0x00830000         0x00000400         rw !x
signature        0x00840000         0x00000400         rw !x
user_signatures  0x00850000         0x00000400         rw !x
*default*        0x00000000         0xffffffff

Linker script and memory map

Address of section .data set to 0x802800
                0x00004000                __RODATA_PM_OFFSET__ = 0x4000
LOAD C:/Program Files (x86)/Atmel/Studio/7.0/Packs/Atmel/ATmega_DFP/1.5.362/gcc/dev/atmega4809/avrxmega3/crtatmega4809.o
LOAD atmel_start.o
LOAD audio_sampler/audio_sampler.o
LOAD driver_isr.o
LOAD examples/src/adc_basic_example.o
LOAD examples/src/i2c_master_example.o
LOAD examples/src/spi_basic_example.o
LOAD examples/src/usart_basic_example.o
LOAD fht/complexToReal.o
LOAD fht/fht.o
LOAD fht/peak_power.o
LOAD initialize.o
LOAD main.o
LOAD pattern_detection/pattern_detection.o
LOAD pattern_storage/pattern_storage.o
LOAD SD/source/sd_commands.o
LOAD SD/source/sd_driver.o
LOAD SD/source/sd_UI.o
LOAD SD/source/sd_utils.o
LOAD src/adc_basic.o
LOAD src/bod.o
LOAD src/clkctrl.o
LOAD src/cpuint.o
LOAD src/driver_init.o
LOAD src/i2c_master.o
LOAD src/i2c_simple_master.o
LOAD src/i2c_types.o
LOAD src/protected_io.o
LOAD src/slpctrl.o
LOAD src/spi_basic.o
LOAD src/usart_basic.o
START GROUP
LOAD c:/program files (x86)/atmel/studio/7.0/toolchain/avr8/avr8-gnu-toolchain/bin/../lib/gcc/avr/5.4.0/../../../../avr/lib/avrxmega3\libm.a
END GROUP
START GROUP
LOAD c:/program files (x86)/atmel/studio/7.0/toolchain/avr8/avr8-gnu-toolchain/bin/../lib/gcc/avr/5.4.0/avrxmega3\libgcc.a
LOAD c:/program files (x86)/atmel/studio/7.0/toolchain/avr8/avr8-gnu-toolchain/bin/../lib/gcc/avr/5.4.0/../../../../avr/lib/avrxmega3\libm.a
LOAD c:/program files (x86)/atmel/studio/7.0/toolchain/avr8/avr8-gnu-toolchain/bin/../lib/gcc/avr/5.4.0/../../../../avr/lib/avrxmega3\libc.a
LOAD C:/Program Files (x86)/Atmel/Studio/7.0/Packs/Atmel/ATmega_DFP/1.5.362/gcc/dev/atmega4809/avrxmega3\libatmega4809.a
END GROUP
                [0x00000000]                __TEXT_REGION_ORIGIN__ = DEFINED (__TEXT_REGION_ORIGIN__)?__TEXT_REGION_ORIGIN__:0x0
                [0x00802800]                __DATA_REGION_ORIGIN__ = DEFINED (__DATA_REGION_ORIGIN__)?__DATA_REGION_ORIGIN__:0x802000
                [0x0000c000]                __TEXT_REGION_LENGTH__ = DEFINED (__TEXT_REGION_LENGTH__)?__TEXT_REGION_LENGTH__:0x100000
                [0x00001800]                __DATA_REGION_LENGTH__ = DEFINED (__DATA_REGION_LENGTH__)?__DATA_REGION_LENGTH__:0xffa0
                [0x00000100]                __EEPROM_REGION_LENGTH__ = DEFINED (__EEPROM_REGION_LENGTH__)?__EEPROM_REGION_LENGTH__:0x10000
                [0x0000000a]                __FUSE_REGION_LENGTH__ = DEFINED (__FUSE_REGION_LENGTH__)?__FUSE_REGION_LENGTH__:0x400
                0x00000400                __LOCK_REGION_LENGTH__ = DEFINED (__LOCK_REGION_LENGTH__)?__LOCK_REGION_LENGTH__:0x400
                0x00000400                __SIGNATURE_REGION_LENGTH__ = DEFINED (__SIGNATURE_REGION_LENGTH__)?__SIGNATURE_REGION_LENGTH__:0x400
                0x00000400                __USER_SIGNATURE_REGION_LENGTH__ = DEFINED (__USER_SIGNATURE_REGION_LENGTH__)?__USER_SIGNATURE_REGION_LENGTH__:0x400
                0x00008000                __RODATA_PM_OFFSET__ = DEFINED (__RODATA_PM_OFFSET__)?__RODATA_PM_OFFSET__:0x8000

.hash
 *(.hash)

.dynsym
 *(.dynsym)

.dynstr
 *(.dynstr)

.gnu.version
 *(.gnu.version)

.gnu.version_d
 *(.gnu.version_d)

.gnu.version_r
 *(.gnu.version_r)

.rel.init
 *(.rel.init)

.rela.init
 *(.rela.init)

.rel.text
 *(.rel.text)
 *(.rel.text.*)
 *(.rel.gnu.linkonce.t*)

.rela.text
 *(.rela.text)
 *(.rela.text.*)
 *(.rela.gnu.linkonce.t*)

.rel.fini
 *(.rel.fini)

.rela.fini
 *(.rela.fini)

.rel.rodata
 *(.rel.rodata)
 *(.rel.rodata.*)
 *(.rel.gnu.linkonce.r*)

.rela.rodata
 *(.rela.rodata)
 *(.rela.rodata.*)
 *(.rela.gnu.linkonce.r*)

.rel.data
 *(.rel.data)
 *(.rel.data.*)
 *(.rel.gnu.linkonce.d*)

.rela.data
 *(.rela.data)
 *(.rela.data.*)
 *(.rela.gnu.linkonce.d*)

.rel.ctors
 *(.rel.ctors)

.rela.ctors
 *(.rela.ctors)

.rel.dtors
 *(.rel.dtors)

.rela.dtors
 *(.rela.dtors)

.rel.got
 *(.rel.got)

.rela.got
 *(.rela.got)

.rel.bss
 *(.rel.bss)

.rela.bss
 *(.rela.bss)

.rel.plt
 *(.rel.plt)

.rela.plt
 *(.rela.plt)

.text           0x00000000     0x2194
 *(.vectors)
 .vectors       0x00000000       0xa0 C:/Program Files (x86)/Atmel/Studio/7.0/Packs/Atmel/ATmega_DFP/1.5.362/gcc/dev/atmega4809/avrxmega3/crtatmega4809.o
                0x00000000                __vector_default
                0x00000000                __vectors
 *(.vectors)
 *(.progmem.gcc*)
                0x000000a0                . = ALIGN (0x2)
                0x000000a0                __trampolines_start = .
 *(.trampolines)
 .trampolines   0x000000a0        0x0 linker stubs
 *(.trampolines*)
                0x000000a0                __trampolines_end = .
 *libprintf_flt.a:*(.progmem.data)
 *libc.a:*(.progmem.data)
 *(.progmem*)
 .progmem.data.sinTable
                0x000000a0        0xe fht/fht.o
                0x000000a0                sinTable
 .progmem.data.cosTable
                0x000000ae        0xe fht/fht.o
                0x000000ae                cosTable
                0x000000bc                . = ALIGN (0x2)
 *(.jumptables)
 *(.jumptables*)
 *(.lowtext)
 *(.lowtext*)
                0x000000bc                __ctors_start = .
 *(.ctors)
                0x000000bc                __ctors_end = .
                0x000000bc                __dtors_start = .
 *(.dtors)
                0x000000bc                __dtors_end = .
 SORT(*)(.ctors)
 SORT(*)(.dtors)
 *(.init0)
 .init0         0x000000bc        0x0 C:/Program Files (x86)/Atmel/Studio/7.0/Packs/Atmel/ATmega_DFP/1.5.362/gcc/dev/atmega4809/avrxmega3/crtatmega4809.o
                0x000000bc                __init
 *(.init0)
 *(.init1)
 *(.init1)
 *(.init2)
 .init2         0x000000bc        0xc C:/Program Files (x86)/Atmel/Studio/7.0/Packs/Atmel/ATmega_DFP/1.5.362/gcc/dev/atmega4809/avrxmega3/crtatmega4809.o
 *(.init2)
 *(.init3)
 *(.init3)
 *(.init4)
 .init4         0x000000c8       0x16 c:/program files (x86)/atmel/studio/7.0/toolchain/avr8/avr8-gnu-toolchain/bin/../lib/gcc/avr/5.4.0/avrxmega3\libgcc.a(_copy_data.o)
                0x000000c8                __do_copy_data
 .init4         0x000000de       0x10 c:/program files (x86)/atmel/studio/7.0/toolchain/avr8/avr8-gnu-toolchain/bin/../lib/gcc/avr/5.4.0/avrxmega3\libgcc.a(_clear_bss.o)
                0x000000de                __do_clear_bss
 *(.init4)
 *(.init5)
 *(.init5)
 *(.init6)
 *(.init6)
 *(.init7)
 *(.init7)
 *(.init8)
 *(.init8)
 *(.init9)
 .init9         0x000000ee        0x8 C:/Program Files (x86)/Atmel/Studio/7.0/Packs/Atmel/ATmega_DFP/1.5.362/gcc/dev/atmega4809/avrxmega3/crtatmega4809.o
 *(.init9)
 *(.text)
 .text          0x000000f6        0x4 C:/Program Files (x86)/Atmel/Studio/7.0/Packs/Atmel/ATmega_DFP/1.5.362/gcc/dev/atmega4809/avrxmega3/crtatmega4809.o
                0x000000f6                __vector_38
                0x000000f6                __vector_28
                0x000000f6                __vector_1
                0x000000f6                __vector_32
                0x000000f6                __vector_34
                0x000000f6                __vector_24
                0x000000f6                __vector_12
                0x000000f6                __bad_interrupt
                0x000000f6                __vector_6
                0x000000f6                __vector_31
                0x000000f6                __vector_35
                0x000000f6                __vector_39
                0x000000f6                __vector_3
                0x000000f6                __vector_23
                0x000000f6                __vector_30
                0x000000f6                __vector_25
                0x000000f6                __vector_11
                0x000000f6                __vector_13
                0x000000f6                __vector_17
                0x000000f6                __vector_19
                0x000000f6                __vector_27
                0x000000f6                __vector_5
                0x000000f6                __vector_33
                0x000000f6                __vector_37
                0x000000f6                __vector_4
                0x000000f6                __vector_9
                0x000000f6                __vector_2
                0x000000f6                __vector_21
                0x000000f6                __vector_36
                0x000000f6                __vector_29
                0x000000f6                __vector_8
                0x000000f6                __vector_26
                0x000000f6                __vector_14
                0x000000f6                __vector_10
                0x000000f6                __vector_16
                0x000000f6                __vector_18
                0x000000f6                __vector_20
                0x000000fa                . = ALIGN (0x2)
 *(.text.*)
 .text.start_sampling
                0x000000fa        0x8 audio_sampler/audio_sampler.o
                0x000000fa                start_sampling
 .text.return_sampled_signal
                0x00000102       0x12 audio_sampler/audio_sampler.o
                0x00000102                return_sampled_signal
 .text.__vector_7
                0x00000114       0x22 audio_sampler/audio_sampler.o
                0x00000114                __vector_7
 .text.__vector_22
                0x00000136       0xd2 audio_sampler/audio_sampler.o
                0x00000136                __vector_22
 .text.fhtDitInt
                0x00000208      0x580 fht/fht.o
                0x00000208                fhtDitInt
 .text.get_peak_power_bin
                0x00000788       0x78 fht/peak_power.o
                0x00000788                get_peak_power_bin
 .text.tca_init
                0x00000800       0x16 initialize.o
                0x00000800                tca_init
 .text.adc0_init
                0x00000816       0x26 initialize.o
                0x00000816                adc0_init
 .text.io_pin_init
                0x0000083c        0xc initialize.o
                0x0000083c                io_pin_init
 .text.initialize
                0x00000848       0x2c initialize.o
                0x00000848                initialize
 .text.main     0x00000874      0x12e main.o
                0x00000874                main
 .text.get_main_freq
                0x000009a2       0x16 pattern_detection/pattern_detection.o
                0x000009a2                get_main_freq
 .text.find_initial_offset
                0x000009b8       0xce pattern_detection/pattern_detection.o
                0x000009b8                find_initial_offset
 .text.evaluate_pattern_match
                0x00000a86       0xa2 pattern_detection/pattern_detection.o
                0x00000a86                evaluate_pattern_match
 .text.retrieve_pattern
                0x00000b28       0xa4 pattern_storage/pattern_storage.o
                0x00000b28                retrieve_pattern
 .text.retrieve_storage_info
                0x00000bcc       0x66 pattern_storage/pattern_storage.o
                0x00000bcc                retrieve_storage_info
 .text.sd_cmd0  0x00000c32       0x4e SD/source/sd_commands.o
                0x00000c32                sd_cmd0
 .text.sd_cmd1  0x00000c80       0x56 SD/source/sd_commands.o
                0x00000c80                sd_cmd1
 .text.sd_cmd8  0x00000cd6       0x70 SD/source/sd_commands.o
                0x00000cd6                sd_cmd8
 .text.sd_cmd16
                0x00000d46       0x76 SD/source/sd_commands.o
                0x00000d46                sd_cmd16
 .text.sd_cmd17
                0x00000dbc       0xfa SD/source/sd_commands.o
                0x00000dbc                sd_cmd17
 .text.sd_cmd55
                0x00000eb6       0x56 SD/source/sd_commands.o
                0x00000eb6                sd_cmd55
 .text.sd_acmd41
                0x00000f0c       0x74 SD/source/sd_commands.o
                0x00000f0c                sd_acmd41
 .text.sd_cmd58
                0x00000f80       0x5a SD/source/sd_commands.o
                0x00000f80                sd_cmd58
 .text.sd_receive_byte
                0x00000fda        0x8 SD/source/sd_driver.o
                0x00000fda                sd_receive_byte
 .text.sd_receive_bytes
                0x00000fe2       0x2e SD/source/sd_driver.o
                0x00000fe2                sd_receive_bytes
 .text.sd_send_cmd
                0x00001010       0x26 SD/source/sd_driver.o
                0x00001010                sd_send_cmd
 .text.sd_send_dummy_bytes
                0x00001036       0x2a SD/source/sd_driver.o
                0x00001036                sd_send_dummy_bytes
 .text.sd_cs_enable
                0x00001060       0x16 SD/source/sd_driver.o
                0x00001060                sd_cs_enable
 .text.sd_cs_disable
                0x00001076       0x16 SD/source/sd_driver.o
                0x00001076                sd_cs_disable
 .text.sd_read_single_block
                0x0000108c       0x84 SD/source/sd_UI.o
                0x0000108c                sd_read_single_block
 .text.sd_init  0x00001110       0xfc SD/source/sd_UI.o
                0x00001110                sd_init
 .text.sd_assemble_r1_rsp
                0x0000120c       0x5c SD/source/sd_utils.o
                0x0000120c                sd_assemble_r1_rsp
 .text.sd_assemble_r7_rsp
                0x00001268       0x84 SD/source/sd_utils.o
                0x00001268                sd_assemble_r7_rsp
 .text.sd_assemble_r3_rsp
                0x000012ec        0x6 SD/source/sd_utils.o
                0x000012ec                sd_assemble_r3_rsp
 .text.sd_display_error_message
                0x000012f2       0x3a SD/source/sd_utils.o
                0x000012f2                sd_display_error_message
 .text.split_32bit_val
                0x0000132c        0xc SD/source/sd_utils.o
                0x0000132c                split_32bit_val
 .text.ADC_0_init
                0x00001338        0xa src/adc_basic.o
                0x00001338                ADC_0_init
 .text.BOD_init
                0x00001342        0x4 src/bod.o
                0x00001342                BOD_init
 .text.CLKCTRL_init
                0x00001346       0x10 src/clkctrl.o
                0x00001346                CLKCTRL_init
 .text.CPUINT_init
                0x00001356        0x4 src/cpuint.o
                0x00001356                CPUINT_init
 .text.mcu_init
                0x0000135a       0x6e src/driver_init.o
                0x0000135a                mcu_init
 .text.CDC_USART_3_initialization
                0x000013c8       0x16 src/driver_init.o
                0x000013c8                CDC_USART_3_initialization
 .text.SPI_0_initialization
                0x000013de       0x1a src/driver_init.o
                0x000013de                SPI_0_initialization
 .text.system_init
                0x000013f8       0x26 src/driver_init.o
                0x000013f8                system_init
 .text.I2C_0_do_I2C_RESET
                0x0000141e       0x20 src/i2c_master.o
 .text.I2C_0_do_I2C_IDLE
                0x0000143e       0x10 src/i2c_master.o
 .text.I2C_0_do_I2C_SEND_ADR_READ
                0x0000144e       0x18 src/i2c_master.o
 .text.I2C_0_do_I2C_SEND_RESTART
                0x00001466        0x6 src/i2c_master.o
 .text.I2C_0_do_I2C_SEND_RESTART_READ
                0x0000146c        0x6 src/i2c_master.o
 .text.I2C_0_do_I2C_SEND_ADR_WRITE
                0x00001472       0x16 src/i2c_master.o
 .text.I2C_0_do_I2C_SEND_RESTART_WRITE
                0x00001488        0x6 src/i2c_master.o
 .text.I2C_0_do_I2C_RX_DO_ACK
                0x0000148e        0xe src/i2c_master.o
 .text.I2C_0_do_I2C_TX_DO_ACK
                0x0000149c        0xe src/i2c_master.o
 .text.I2C_0_do_I2C_DO_NACK_RESTART
                0x000014aa        0xe src/i2c_master.o
 .text.I2C_0_do_I2C_BUS_ERROR
                0x000014b8       0x22 src/i2c_master.o
 .text.I2C_0_master_isr
                0x000014da       0x60 src/i2c_master.o
 .text.I2C_0_do_I2C_BUS_COLLISION
                0x0000153a       0x44 src/i2c_master.o
 .text.I2C_0_do_I2C_DO_NACK_STOP
                0x0000157e       0x20 src/i2c_master.o
 .text.I2C_0_do_I2C_RX
                0x0000159e       0xba src/i2c_master.o
 .text.I2C_0_do_I2C_SEND_STOP
                0x00001658       0x1a src/i2c_master.o
 .text.I2C_0_do_I2C_DO_ADDRESS_NACK
                0x00001672       0x40 src/i2c_master.o
 .text.I2C_0_do_I2C_TX
                0x000016b2       0x6c src/i2c_master.o
 .text.I2C_0_do_I2C_TX_EMPTY
                0x0000171e       0x7a src/i2c_master.o
 .text.I2C_0_init
                0x00001798        0xe src/i2c_master.o
                0x00001798                I2C_0_init
 .text.__vector_15
                0x000017a6       0x48 src/i2c_master.o
                0x000017a6                __vector_15
 .text.protected_write_io
                0x000017ee        0x8 src/protected_io.o
                0x000017ee                protected_write_io
 .text.SLPCTRL_init
                0x000017f6        0x4 src/slpctrl.o
                0x000017f6                SLPCTRL_init
 .text.SPI_0_init
                0x000017fa        0xc src/spi_basic.o
                0x000017fa                SPI_0_init
 .text.SPI_0_exchange_byte
                0x00001806       0x1c src/spi_basic.o
                0x00001806                SPI_0_exchange_byte
 .text.CDC_USART_3_init
                0x00001822       0x14 src/usart_basic.o
                0x00001822                CDC_USART_3_init
 .text.CDC_USART_3_write
                0x00001836       0x10 src/usart_basic.o
                0x00001836                CDC_USART_3_write
 .text.libgcc.mul
                0x00001846       0x20 c:/program files (x86)/atmel/studio/7.0/toolchain/avr8/avr8-gnu-toolchain/bin/../lib/gcc/avr/5.4.0/avrxmega3\libgcc.a(_mulsi3.o)
                0x00001846                __mulsi3
 .text.libgcc.div
                0x00001866       0x28 c:/program files (x86)/atmel/studio/7.0/toolchain/avr8/avr8-gnu-toolchain/bin/../lib/gcc/avr/5.4.0/avrxmega3\libgcc.a(_udivmodhi4.o)
                0x00001866                __udivmodhi4
 .text.libgcc.mul
                0x0000188e       0x16 c:/program files (x86)/atmel/studio/7.0/toolchain/avr8/avr8-gnu-toolchain/bin/../lib/gcc/avr/5.4.0/avrxmega3\libgcc.a(_muluhisi3.o)
                0x0000188e                __muluhisi3
 .text.libgcc.mul
                0x000018a4       0x1e c:/program files (x86)/atmel/studio/7.0/toolchain/avr8/avr8-gnu-toolchain/bin/../lib/gcc/avr/5.4.0/avrxmega3\libgcc.a(_umulhisi3.o)
                0x000018a4                __umulhisi3
 .text.avr-libc
                0x000018c2        0xe c:/program files (x86)/atmel/studio/7.0/toolchain/avr8/avr8-gnu-toolchain/bin/../lib/gcc/avr/5.4.0/../../../../avr/lib/avrxmega3\libc.a(memset.o)
                0x000018c2                memset
 .text.avr-libc
                0x000018d0       0x96 c:/program files (x86)/atmel/studio/7.0/toolchain/avr8/avr8-gnu-toolchain/bin/../lib/gcc/avr/5.4.0/../../../../avr/lib/avrxmega3\libc.a(fdevopen.o)
                0x000018d0                fdevopen
 .text.avr-libc
                0x00001966       0x2c c:/program files (x86)/atmel/studio/7.0/toolchain/avr8/avr8-gnu-toolchain/bin/../lib/gcc/avr/5.4.0/../../../../avr/lib/avrxmega3\libc.a(printf.o)
                0x00001966                printf
 .text.avr-libc
                0x00001992      0x3c2 c:/program files (x86)/atmel/studio/7.0/toolchain/avr8/avr8-gnu-toolchain/bin/../lib/gcc/avr/5.4.0/../../../../avr/lib/avrxmega3\libc.a(vfprintf_std.o)
                0x00001992                vfprintf
 .text.avr-libc
                0x00001d54       0x38 c:/program files (x86)/atmel/studio/7.0/toolchain/avr8/avr8-gnu-toolchain/bin/../lib/gcc/avr/5.4.0/../../../../avr/lib/avrxmega3\libc.a(calloc.o)
                0x00001d54                calloc
 .text.avr-libc
                0x00001d8c      0x242 c:/program files (x86)/atmel/studio/7.0/toolchain/avr8/avr8-gnu-toolchain/bin/../lib/gcc/avr/5.4.0/../../../../avr/lib/avrxmega3\libc.a(malloc.o)
                0x00001d8c                malloc
                0x00001ebc                free
 .text.avr-libc
                0x00001fce       0x16 c:/program files (x86)/atmel/studio/7.0/toolchain/avr8/avr8-gnu-toolchain/bin/../lib/gcc/avr/5.4.0/../../../../avr/lib/avrxmega3\libc.a(strnlen_P.o)
                0x00001fce                strnlen_P
 .text.avr-libc
                0x00001fe4       0x16 c:/program files (x86)/atmel/studio/7.0/toolchain/avr8/avr8-gnu-toolchain/bin/../lib/gcc/avr/5.4.0/../../../../avr/lib/avrxmega3\libc.a(strnlen.o)
                0x00001fe4                strnlen
 .text.avr-libc
                0x00001ffa       0x78 c:/program files (x86)/atmel/studio/7.0/toolchain/avr8/avr8-gnu-toolchain/bin/../lib/gcc/avr/5.4.0/../../../../avr/lib/avrxmega3\libc.a(fputc.o)
                0x00001ffa                fputc
 .text.avr-libc
                0x00002072       0xbc c:/program files (x86)/atmel/studio/7.0/toolchain/avr8/avr8-gnu-toolchain/bin/../lib/gcc/avr/5.4.0/../../../../avr/lib/avrxmega3\libc.a(ultoa_invert.o)
                0x00002072                __ultoa_invert
 .text.libgcc.prologue
                0x0000212e       0x32 c:/program files (x86)/atmel/studio/7.0/toolchain/avr8/avr8-gnu-toolchain/bin/../lib/gcc/avr/5.4.0/avrxmega3\libgcc.a(_prologue.o)
                0x0000212e                __prologue_saves__
 .text.libgcc.prologue
                0x00002160       0x30 c:/program files (x86)/atmel/studio/7.0/toolchain/avr8/avr8-gnu-toolchain/bin/../lib/gcc/avr/5.4.0/avrxmega3\libgcc.a(_epilogue.o)
                0x00002160                __epilogue_restores__
                0x00002190                . = ALIGN (0x2)
 *(.fini9)
 .fini9         0x00002190        0x0 c:/program files (x86)/atmel/studio/7.0/toolchain/avr8/avr8-gnu-toolchain/bin/../lib/gcc/avr/5.4.0/avrxmega3\libgcc.a(_exit.o)
                0x00002190                _exit
                0x00002190                exit
 *(.fini9)
 *(.fini8)
 *(.fini8)
 *(.fini7)
 *(.fini7)
 *(.fini6)
 *(.fini6)
 *(.fini5)
 *(.fini5)
 *(.fini4)
 *(.fini4)
 *(.fini3)
 *(.fini3)
 *(.fini2)
 *(.fini2)
 *(.fini1)
 *(.fini1)
 *(.fini0)
 .fini0         0x00002190        0x4 c:/program files (x86)/atmel/studio/7.0/toolchain/avr8/avr8-gnu-toolchain/bin/../lib/gcc/avr/5.4.0/avrxmega3\libgcc.a(_exit.o)
 *(.fini0)
                0x00002194                _etext = .

.rodata         0x00006194       0x8d load address 0x00002194
 *(.rodata)
 *(.rodata*)
 .rodata.str1.1
                0x00006194       0x2d main.o
 .rodata.str1.1
                0x000061c1       0x60 SD/source/sd_utils.o
 *(.gnu.linkonce.r*)

.data           0x00802800       0x5a load address 0x00002221
                0x00802800                PROVIDE (__data_start, .)
 *(.data)
 .data          0x00802800        0x6 c:/program files (x86)/atmel/studio/7.0/toolchain/avr8/avr8-gnu-toolchain/bin/../lib/gcc/avr/5.4.0/../../../../avr/lib/avrxmega3\libc.a(malloc.o)
                0x00802800                __malloc_heap_end
                0x00802802                __malloc_heap_start
                0x00802804                __malloc_margin
 *(.data*)
 .data.number_of_samples
                0x00802806        0x2 audio_sampler/audio_sampler.o
                0x00802806                number_of_samples
 .data.detection_threshold_Bp
                0x00802808        0x2 pattern_storage/pattern_storage.o
                0x00802808                detection_threshold_Bp
 .data.n_patterns_Bp
                0x0080280a        0x2 pattern_storage/pattern_storage.o
                0x0080280a                n_patterns_Bp
 .data.acmd41   0x0080280c        0x6 SD/source/sd_commands.o
                0x0080280c                acmd41
 .data.cmd58    0x00802812        0x6 SD/source/sd_commands.o
                0x00802812                cmd58
 .data.cmd55    0x00802818        0x6 SD/source/sd_commands.o
                0x00802818                cmd55
 .data.cmd8     0x0080281e        0x6 SD/source/sd_commands.o
                0x0080281e                cmd8
 .data.cmd1     0x00802824        0x6 SD/source/sd_commands.o
                0x00802824                cmd1
 .data.cmd0     0x0080282a        0x6 SD/source/sd_commands.o
                0x0080282a                cmd0
 .data.error_tracker
                0x00802830        0x1 SD/source/sd_UI.o
                0x00802830                error_tracker
 .data.r7_response.1820
                0x00802831        0x5 SD/source/sd_utils.o
 .data.I2C_0_fsmStateTable
                0x00802836       0x24 src/i2c_master.o
                0x00802836                I2C_0_fsmStateTable
 *(.gnu.linkonce.d*)
                0x0080285a                . = ALIGN (0x2)
                0x0080285a                _edata = .
                0x0080285a                PROVIDE (__data_end, .)

.bss            0x0080285a      0x137
                0x0080285a                PROVIDE (__bss_start, .)
 *(.bss)
 *(.bss*)
 .bss.sample_counter.2955
                0x0080285a        0x1 audio_sampler/audio_sampler.o
 .bss.enable_sampling
                0x0080285b        0x1 audio_sampler/audio_sampler.o
                0x0080285b                enable_sampling
 .bss.info_block_number
                0x0080285c        0x1 pattern_storage/pattern_storage.o
                0x0080285c                info_block_number
 .bss.data_timeout.1922
                0x0080285d        0x1 SD/source/sd_commands.o
 .bss.r1_timeout.1918
                0x0080285e        0x1 SD/source/sd_commands.o
 .bss.sd_version
                0x0080285f        0x1 SD/source/sd_commands.o
                0x0080285f                sd_version
 .bss.cs_enabled
                0x00802860        0x1 SD/source/sd_driver.o
                0x00802860                cs_enabled
 .bss.I2C_0_status
                0x00802861       0x24 src/i2c_master.o
                0x00802861                I2C_0_status
 .bss.SPI_0_desc
                0x00802885        0x1 src/spi_basic.o
 *(COMMON)
 COMMON         0x00802886      0x101 audio_sampler/audio_sampler.o
                0x00802886                sampled_signal
                0x00802986                samples_rdy
 COMMON         0x00802987        0x6 c:/program files (x86)/atmel/studio/7.0/toolchain/avr8/avr8-gnu-toolchain/bin/../lib/gcc/avr/5.4.0/../../../../avr/lib/avrxmega3\libc.a(iob.o)
                0x00802987                __iob
 COMMON         0x0080298d        0x4 c:/program files (x86)/atmel/studio/7.0/toolchain/avr8/avr8-gnu-toolchain/bin/../lib/gcc/avr/5.4.0/../../../../avr/lib/avrxmega3\libc.a(malloc.o)
                0x0080298d                __brkval
                0x0080298f                __flp
                0x00802991                PROVIDE (__bss_end, .)
                0x00002221                __data_load_start = LOADADDR (.data)
                0x0000227b                __data_load_end = (__data_load_start + SIZEOF (.data))

.noinit         0x00802991        0x0
                [!provide]                PROVIDE (__noinit_start, .)
 *(.noinit*)
                [!provide]                PROVIDE (__noinit_end, .)
                0x00802991                _end = .
                0x00802991                PROVIDE (__heap_start, .)

.eeprom         0x00810000        0x0
 *(.eeprom*)
                0x00810000                __eeprom_end = .

.fuse
 *(.fuse)
 *(.lfuse)
 *(.hfuse)
 *(.efuse)

.lock
 *(.lock*)

.signature
 *(.signature*)

.user_signatures
 *(.user_signatures*)

.stab
 *(.stab)

.stabstr
 *(.stabstr)

.stab.excl
 *(.stab.excl)

.stab.exclstr
 *(.stab.exclstr)

.stab.index
 *(.stab.index)

.stab.indexstr
 *(.stab.indexstr)

.comment        0x00000000       0x5c
 *(.comment)
 .comment       0x00000000       0x30 audio_sampler/audio_sampler.o
                                 0x31 (size before relaxing)
 .comment       0x00000030       0x31 fht/fht.o
 .comment       0x00000030       0x31 fht/peak_power.o
 .comment       0x00000030       0x31 initialize.o
 .comment       0x00000030       0x31 main.o
 .comment       0x00000030       0x31 pattern_detection/pattern_detection.o
 .comment       0x00000030       0x31 pattern_storage/pattern_storage.o
 .comment       0x00000030       0x31 SD/source/sd_commands.o
 .comment       0x00000030       0x31 SD/source/sd_driver.o
 .comment       0x00000030       0x31 SD/source/sd_UI.o
 .comment       0x00000030       0x31 SD/source/sd_utils.o
 .comment       0x00000030       0x31 src/adc_basic.o
 .comment       0x00000030       0x31 src/bod.o
 .comment       0x00000030       0x31 src/clkctrl.o
 .comment       0x00000030       0x31 src/cpuint.o
 .comment       0x00000030       0x31 src/driver_init.o
 .comment       0x00000030       0x31 src/i2c_master.o
 .comment       0x00000030       0x31 src/slpctrl.o
 .comment       0x00000030       0x31 src/spi_basic.o
 .comment       0x00000030       0x31 src/usart_basic.o
 .comment       0x00000030       0x31 c:/program files (x86)/atmel/studio/7.0/toolchain/avr8/avr8-gnu-toolchain/bin/../lib/gcc/avr/5.4.0/../../../../avr/lib/avrxmega3\libc.a(fdevopen.o)
 .comment       0x00000030       0x31 c:/program files (x86)/atmel/studio/7.0/toolchain/avr8/avr8-gnu-toolchain/bin/../lib/gcc/avr/5.4.0/../../../../avr/lib/avrxmega3\libc.a(iob.o)
 .comment       0x00000030       0x31 c:/program files (x86)/atmel/studio/7.0/toolchain/avr8/avr8-gnu-toolchain/bin/../lib/gcc/avr/5.4.0/../../../../avr/lib/avrxmega3\libc.a(printf.o)
 .comment       0x00000030       0x2c c:/program files (x86)/atmel/studio/7.0/toolchain/avr8/avr8-gnu-toolchain/bin/../lib/gcc/avr/5.4.0/../../../../avr/lib/avrxmega3\libc.a(vfprintf_std.o)
                                 0x2d (size before relaxing)
 .comment       0x0000005c       0x31 c:/program files (x86)/atmel/studio/7.0/toolchain/avr8/avr8-gnu-toolchain/bin/../lib/gcc/avr/5.4.0/../../../../avr/lib/avrxmega3\libc.a(calloc.o)
 .comment       0x0000005c       0x31 c:/program files (x86)/atmel/studio/7.0/toolchain/avr8/avr8-gnu-toolchain/bin/../lib/gcc/avr/5.4.0/../../../../avr/lib/avrxmega3\libc.a(malloc.o)
 .comment       0x0000005c       0x31 c:/program files (x86)/atmel/studio/7.0/toolchain/avr8/avr8-gnu-toolchain/bin/../lib/gcc/avr/5.4.0/../../../../avr/lib/avrxmega3\libc.a(fputc.o)

.note.gnu.avr.deviceinfo
                0x00000000       0x40
 .note.gnu.avr.deviceinfo
                0x00000000       0x40 C:/Program Files (x86)/Atmel/Studio/7.0/Packs/Atmel/ATmega_DFP/1.5.362/gcc/dev/atmega4809/avrxmega3/crtatmega4809.o

.note.gnu.build-id
 *(.note.gnu.build-id)

.debug
 *(.debug)

.line
 *(.line)

.debug_srcinfo
 *(.debug_srcinfo)

.debug_sfnames
 *(.debug_sfnames)

.debug_aranges  0x00000000      0x5e0
 *(.debug_aranges)
 .debug_aranges
                0x00000000       0x48 audio_sampler/audio_sampler.o
 .debug_aranges
                0x00000048       0x20 fht/fht.o
 .debug_aranges
                0x00000068       0x20 fht/peak_power.o
 .debug_aranges
                0x00000088       0x40 initialize.o
 .debug_aranges
                0x000000c8       0x20 main.o
 .debug_aranges
                0x000000e8       0x30 pattern_detection/pattern_detection.o
 .debug_aranges
                0x00000118       0x50 pattern_storage/pattern_storage.o
 .debug_aranges
                0x00000168       0x60 SD/source/sd_commands.o
 .debug_aranges
                0x000001c8       0x58 SD/source/sd_driver.o
 .debug_aranges
                0x00000220       0x30 SD/source/sd_UI.o
 .debug_aranges
                0x00000250       0x40 SD/source/sd_utils.o
 .debug_aranges
                0x00000290       0x58 src/adc_basic.o
 .debug_aranges
                0x000002e8       0x20 src/bod.o
 .debug_aranges
                0x00000308       0x20 src/clkctrl.o
 .debug_aranges
                0x00000328       0x20 src/cpuint.o
 .debug_aranges
                0x00000348       0x48 src/driver_init.o
 .debug_aranges
                0x00000390      0x148 src/i2c_master.o
 .debug_aranges
                0x000004d8       0x20 src/protected_io.o
 .debug_aranges
                0x000004f8       0x28 src/slpctrl.o
 .debug_aranges
                0x00000520       0x50 src/spi_basic.o
 .debug_aranges
                0x00000570       0x70 src/usart_basic.o

.debug_pubnames
 *(.debug_pubnames)

.debug_info     0x00000000     0x8bb8
 *(.debug_info .gnu.linkonce.wi.*)
 .debug_info    0x00000000     0x248a C:/Program Files (x86)/Atmel/Studio/7.0/Packs/Atmel/ATmega_DFP/1.5.362/gcc/dev/atmega4809/avrxmega3/crtatmega4809.o
 .debug_info    0x0000248a      0x9e9 audio_sampler/audio_sampler.o
 .debug_info    0x00002e73      0x1a5 fht/fht.o
 .debug_info    0x00003018      0x11b fht/peak_power.o
 .debug_info    0x00003133      0xe3d initialize.o
 .debug_info    0x00003f70      0x2fd main.o
 .debug_info    0x0000426d      0x29a pattern_detection/pattern_detection.o
 .debug_info    0x00004507      0x65d pattern_storage/pattern_storage.o
 .debug_info    0x00004b64      0xc16 SD/source/sd_commands.o
 .debug_info    0x0000577a      0x42d SD/source/sd_driver.o
 .debug_info    0x00005ba7      0x5bb SD/source/sd_UI.o
 .debug_info    0x00006162      0x2ba SD/source/sd_utils.o
 .debug_info    0x0000641c      0x4b7 src/adc_basic.o
 .debug_info    0x000068d3       0x8d src/bod.o
 .debug_info    0x00006960      0x2b5 src/clkctrl.o
 .debug_info    0x00006c15       0x8d src/cpuint.o
 .debug_info    0x00006ca2      0x9ae src/driver_init.o
 .debug_info    0x00007650      0xd69 src/i2c_master.o
 .debug_info    0x000083b9       0x84 src/protected_io.o
 .debug_info    0x0000843d      0x14b src/slpctrl.o
 .debug_info    0x00008588      0x2ea src/spi_basic.o
 .debug_info    0x00008872      0x346 src/usart_basic.o

.debug_abbrev   0x00000000     0x3d71
 *(.debug_abbrev)
 .debug_abbrev  0x00000000     0x2296 C:/Program Files (x86)/Atmel/Studio/7.0/Packs/Atmel/ATmega_DFP/1.5.362/gcc/dev/atmega4809/avrxmega3/crtatmega4809.o
 .debug_abbrev  0x00002296      0x1ce audio_sampler/audio_sampler.o
 .debug_abbrev  0x00002464       0xac fht/fht.o
 .debug_abbrev  0x00002510       0x92 fht/peak_power.o
 .debug_abbrev  0x000025a2      0x211 initialize.o
 .debug_abbrev  0x000027b3      0x10b main.o
 .debug_abbrev  0x000028be      0x116 pattern_detection/pattern_detection.o
 .debug_abbrev  0x000029d4      0x1aa pattern_storage/pattern_storage.o
 .debug_abbrev  0x00002b7e      0x194 SD/source/sd_commands.o
 .debug_abbrev  0x00002d12      0x183 SD/source/sd_driver.o
 .debug_abbrev  0x00002e95      0x11f SD/source/sd_UI.o
 .debug_abbrev  0x00002fb4      0x14f SD/source/sd_utils.o
 .debug_abbrev  0x00003103      0x1ce src/adc_basic.o
 .debug_abbrev  0x000032d1       0x51 src/bod.o
 .debug_abbrev  0x00003322      0x117 src/clkctrl.o
 .debug_abbrev  0x00003439       0x51 src/cpuint.o
 .debug_abbrev  0x0000348a      0x1f3 src/driver_init.o
 .debug_abbrev  0x0000367d      0x35d src/i2c_master.o
 .debug_abbrev  0x000039da       0x14 src/protected_io.o
 .debug_abbrev  0x000039ee       0xd6 src/slpctrl.o
 .debug_abbrev  0x00003ac4      0x167 src/spi_basic.o
 .debug_abbrev  0x00003c2b      0x146 src/usart_basic.o

.debug_line     0x00000000     0x3161
 *(.debug_line .debug_line.* .debug_line_end)
 .debug_line    0x00000000      0x187 C:/Program Files (x86)/Atmel/Studio/7.0/Packs/Atmel/ATmega_DFP/1.5.362/gcc/dev/atmega4809/avrxmega3/crtatmega4809.o
 .debug_line    0x00000187      0x1e8 audio_sampler/audio_sampler.o
 .debug_line    0x0000036f      0x237 fht/fht.o
 .debug_line    0x000005a6      0x11f fht/peak_power.o
 .debug_line    0x000006c5      0x204 initialize.o
 .debug_line    0x000008c9      0x205 main.o
 .debug_line    0x00000ace      0x1f5 pattern_detection/pattern_detection.o
 .debug_line    0x00000cc3      0x3d1 pattern_storage/pattern_storage.o
 .debug_line    0x00001094      0x430 SD/source/sd_commands.o
 .debug_line    0x000014c4      0x24f SD/source/sd_driver.o
 .debug_line    0x00001713      0x294 SD/source/sd_UI.o
 .debug_line    0x000019a7      0x1cb SD/source/sd_utils.o
 .debug_line    0x00001b72      0x203 src/adc_basic.o
 .debug_line    0x00001d75       0xa2 src/bod.o
 .debug_line    0x00001e17      0x136 src/clkctrl.o
 .debug_line    0x00001f4d       0xa5 src/cpuint.o
 .debug_line    0x00001ff2      0x325 src/driver_init.o
 .debug_line    0x00002317      0x86b src/i2c_master.o
 .debug_line    0x00002b82       0x55 src/protected_io.o
 .debug_line    0x00002bd7      0x11c src/slpctrl.o
 .debug_line    0x00002cf3      0x230 src/spi_basic.o
 .debug_line    0x00002f23      0x23e src/usart_basic.o

.debug_frame    0x00000000      0xdf0
 *(.debug_frame)
 .debug_frame   0x00000000       0xcc audio_sampler/audio_sampler.o
 .debug_frame   0x000000cc       0x84 fht/fht.o
 .debug_frame   0x00000150       0x30 fht/peak_power.o
 .debug_frame   0x00000180       0x64 initialize.o
 .debug_frame   0x000001e4       0x38 main.o
 .debug_frame   0x0000021c       0x9c pattern_detection/pattern_detection.o
 .debug_frame   0x000002b8      0x180 pattern_storage/pattern_storage.o
 .debug_frame   0x00000438      0x1f0 SD/source/sd_commands.o
 .debug_frame   0x00000628       0xe4 SD/source/sd_driver.o
 .debug_frame   0x0000070c       0x8c SD/source/sd_UI.o
 .debug_frame   0x00000798       0x94 SD/source/sd_utils.o
 .debug_frame   0x0000082c       0x94 src/adc_basic.o
 .debug_frame   0x000008c0       0x24 src/bod.o
 .debug_frame   0x000008e4       0x24 src/clkctrl.o
 .debug_frame   0x00000908       0x24 src/cpuint.o
 .debug_frame   0x0000092c       0x74 src/driver_init.o
 .debug_frame   0x000009a0      0x2d4 src/i2c_master.o
 .debug_frame   0x00000c74       0x34 src/slpctrl.o
 .debug_frame   0x00000ca8       0x84 src/spi_basic.o
 .debug_frame   0x00000d2c       0xc4 src/usart_basic.o

.debug_str      0x00000000     0x3017
 *(.debug_str)
 .debug_str     0x00000000      0xf85 C:/Program Files (x86)/Atmel/Studio/7.0/Packs/Atmel/ATmega_DFP/1.5.362/gcc/dev/atmega4809/avrxmega3/crtatmega4809.o
 .debug_str     0x00000f85      0x456 audio_sampler/audio_sampler.o
                                0x4bc (size before relaxing)
 .debug_str     0x000013db       0x7f fht/fht.o
                                0x208 (size before relaxing)
 .debug_str     0x0000145a       0x37 fht/peak_power.o
                                0x1b8 (size before relaxing)
 .debug_str     0x00001491      0x57a initialize.o
                                0x972 (size before relaxing)
 .debug_str     0x00001a0b       0xcf main.o
                                0x2c1 (size before relaxing)
 .debug_str     0x00001ada       0xa1 pattern_detection/pattern_detection.o
                                0x26f (size before relaxing)
 .debug_str     0x00001b7b      0x1b2 pattern_storage/pattern_storage.o
                                0x424 (size before relaxing)
 .debug_str     0x00001d2d      0x1da SD/source/sd_commands.o
                                0x3bb (size before relaxing)
 .debug_str     0x00001f07       0x53 SD/source/sd_driver.o
                                0x30b (size before relaxing)
 .debug_str     0x00001f5a       0x6c SD/source/sd_UI.o
                                0x32d (size before relaxing)
 .debug_str     0x00001fc6       0x7a SD/source/sd_utils.o
                                0x273 (size before relaxing)
 .debug_str     0x00002040       0xe7 src/adc_basic.o
                                0x501 (size before relaxing)
 .debug_str     0x00002127       0x16 src/bod.o
                                0x185 (size before relaxing)
 .debug_str     0x0000213d      0x1c2 src/clkctrl.o
                                0x383 (size before relaxing)
 .debug_str     0x000022ff       0x1c src/cpuint.o
                                0x18b (size before relaxing)
 .debug_str     0x0000231b      0x22e src/driver_init.o
                                0x4ab (size before relaxing)
 .debug_str     0x00002549      0x735 src/i2c_master.o
                                0x9fb (size before relaxing)
 .debug_str     0x00002c7e       0xb0 src/slpctrl.o
                                0x251 (size before relaxing)
 .debug_str     0x00002d2e      0x140 src/spi_basic.o
                                0x330 (size before relaxing)
 .debug_str     0x00002e6e      0x1a9 src/usart_basic.o
                                0x3a1 (size before relaxing)

.debug_loc      0x00000000     0x35d5
 *(.debug_loc)
 .debug_loc     0x00000000      0x11a audio_sampler/audio_sampler.o
 .debug_loc     0x0000011a      0x597 fht/fht.o
 .debug_loc     0x000006b1      0x144 fht/peak_power.o
 .debug_loc     0x000007f5      0x12d main.o
 .debug_loc     0x00000922      0x415 pattern_detection/pattern_detection.o
 .debug_loc     0x00000d37      0x672 pattern_storage/pattern_storage.o
 .debug_loc     0x000013a9      0xca8 SD/source/sd_commands.o
 .debug_loc     0x00002051      0x321 SD/source/sd_driver.o
 .debug_loc     0x00002372      0x45e SD/source/sd_UI.o
 .debug_loc     0x000027d0      0x421 SD/source/sd_utils.o
 .debug_loc     0x00002bf1       0x87 src/adc_basic.o
 .debug_loc     0x00002c78       0x29 src/clkctrl.o
 .debug_loc     0x00002ca1      0x220 src/driver_init.o
 .debug_loc     0x00002ec1      0x572 src/i2c_master.o
 .debug_loc     0x00003433       0x21 src/slpctrl.o
 .debug_loc     0x00003454      0x181 src/spi_basic.o

.debug_macinfo
 *(.debug_macinfo)

.debug_weaknames
 *(.debug_weaknames)

.debug_funcnames
 *(.debug_funcnames)

.debug_typenames
 *(.debug_typenames)

.debug_varnames
 *(.debug_varnames)

.debug_pubtypes
 *(.debug_pubtypes)

.debug_ranges   0x00000000      0x5a0
 *(.debug_ranges)
 .debug_ranges  0x00000000       0x38 audio_sampler/audio_sampler.o
 .debug_ranges  0x00000038       0x10 fht/fht.o
 .debug_ranges  0x00000048       0x40 fht/peak_power.o
 .debug_ranges  0x00000088       0x30 initialize.o
 .debug_ranges  0x000000b8       0x28 main.o
 .debug_ranges  0x000000e0       0x68 pattern_detection/pattern_detection.o
 .debug_ranges  0x00000148       0x70 pattern_storage/pattern_storage.o
 .debug_ranges  0x000001b8       0x80 SD/source/sd_commands.o
 .debug_ranges  0x00000238       0x48 SD/source/sd_driver.o
 .debug_ranges  0x00000280       0x20 SD/source/sd_UI.o
 .debug_ranges  0x000002a0       0x60 SD/source/sd_utils.o
 .debug_ranges  0x00000300       0x48 src/adc_basic.o
 .debug_ranges  0x00000348       0x10 src/bod.o
 .debug_ranges  0x00000358       0x10 src/clkctrl.o
 .debug_ranges  0x00000368       0x10 src/cpuint.o
 .debug_ranges  0x00000378       0x38 src/driver_init.o
 .debug_ranges  0x000003b0      0x138 src/i2c_master.o
 .debug_ranges  0x000004e8       0x18 src/slpctrl.o
 .debug_ranges  0x00000500       0x40 src/spi_basic.o
 .debug_ranges  0x00000540       0x60 src/usart_basic.o

.debug_macro
 *(.debug_macro)
OUTPUT(IoT_Sound_Detector.elf elf32-avr)
LOAD linker stubs
